{
    "meles meles - stub": {
        "content": [
            {
                "0": [
                    [
                        {
                            "id": "test"
                        },
                        "PAE35587_pass_1f1f0707_115.subset.cram.1.test.bam:md5,d41d8cd98f00b204e9800998ecf8427e"
                    ]
                ],
                "1": [
                    "versions.yml:md5,55891c41bf5000a37ba817c3431dd57b"
                ],
                "bam": [
                    [
                        {
                            "id": "test"
                        },
                        "PAE35587_pass_1f1f0707_115.subset.cram.1.test.bam:md5,d41d8cd98f00b204e9800998ecf8427e"
                    ]
                ],
                "versions": [
                    "versions.yml:md5,55891c41bf5000a37ba817c3431dd57b"
                ]
            }
        ],
        "meta": {
            "nf-test": "0.9.2",
            "nextflow": "25.04.2"
        },
        "timestamp": "2025-10-07T16:31:23.252769"
    },
    "Meles meles - PacBio HiFi reads": {
        "content": [
            "dfcc4dbebe23293f4f0b9338c2aef9cd",
            [
                "versions.yml:md5,55891c41bf5000a37ba817c3431dd57b"
            ]
        ],
        "meta": {
            "nf-test": "0.9.2",
            "nextflow": "25.04.2"
        },
        "timestamp": "2025-10-07T16:31:02.641373"
    },
    "Meles meles - ONT reads": {
        "content": [
            "c2aa5ec574995707a01cb9b4b887b4a9",
            [
                "versions.yml:md5,55891c41bf5000a37ba817c3431dd57b"
            ]
        ],
        "meta": {
            "nf-test": "0.9.2",
            "nextflow": "25.04.2"
        },
        "timestamp": "2025-10-07T16:33:11.776935"
    }
}