{
    "meles meles - fasta": {
        "content": [
            {
                "0": [
                    [
                        {
                            "id": "test"
                        },
                        "GCA_922984935.2.subset.fasta.gz.stats:md5,4f692268fb5b50290af7454a32744055"
                    ]
                ],
                "1": [
                    "versions.yml:md5,e8d78f84b7fe3a16ef603a651edc2420"
                ],
                "stats": [
                    [
                        {
                            "id": "test"
                        },
                        "GCA_922984935.2.subset.fasta.gz.stats:md5,4f692268fb5b50290af7454a32744055"
                    ]
                ],
                "versions": [
                    "versions.yml:md5,e8d78f84b7fe3a16ef603a651edc2420"
                ]
            }
        ],
        "meta": {
            "nf-test": "0.9.2",
            "nextflow": "25.04.3"
        },
        "timestamp": "2025-09-01T15:47:01.277673226"
    },
    "meles meles - fasta - stub": {
        "content": [
            {
                "0": [
                    [
                        {
                            "id": "test"
                        },
                        "test.stats:md5,d41d8cd98f00b204e9800998ecf8427e"
                    ]
                ],
                "1": [
                    "versions.yml:md5,25c291e405becd2173f48a5130f5e03c"
                ],
                "stats": [
                    [
                        {
                            "id": "test"
                        },
                        "test.stats:md5,d41d8cd98f00b204e9800998ecf8427e"
                    ]
                ],
                "versions": [
                    "versions.yml:md5,25c291e405becd2173f48a5130f5e03c"
                ]
            }
        ],
        "meta": {
            "nf-test": "0.9.2",
            "nextflow": "25.04.3"
        },
        "timestamp": "2025-09-01T15:47:06.899586868"
    }
}