{
    "cram": {
        "content": [
            {
                "0": [
                    [
                        {
                            "id": "test"
                        },
                        [
                            0,
                            1,
                            2,
                            3,
                            4,
                            5,
                            6,
                            7,
                            8,
                            9,
                            10,
                            11,
                            12,
                            13,
                            14,
                            15,
                            16,
                            17,
                            18,
                            19,
                            20,
                            21,
                            22,
                            23,
                            24,
                            25,
                            26,
                            27,
                            28,
                            29,
                            30,
                            31,
                            32,
                            33,
                            34,
                            35,
                            36,
                            37,
                            38
                        ],
                        [
                            [
                                0,
                                9
                            ],
                            [
                                10,
                                19
                            ],
                            [
                                20,
                                29
                            ],
                            [
                                30,
                                39
                            ],
                            [
                                40,
                                49
                            ],
                            [
                                50,
                                59
                            ],
                            [
                                60,
                                69
                            ],
                            [
                                70,
                                79
                            ],
                            [
                                80,
                                89
                            ],
                            [
                                90,
                                99
                            ],
                            [
                                100,
                                109
                            ],
                            [
                                110,
                                119
                            ],
                            [
                                120,
                                129
                            ],
                            [
                                130,
                                139
                            ],
                            [
                                140,
                                149
                            ],
                            [
                                150,
                                159
                            ],
                            [
                                160,
                                169
                            ],
                            [
                                170,
                                179
                            ],
                            [
                                180,
                                189
                            ],
                            [
                                190,
                                199
                            ],
                            [
                                200,
                                209
                            ],
                            [
                                210,
                                219
                            ],
                            [
                                220,
                                229
                            ],
                            [
                                230,
                                239
                            ],
                            [
                                240,
                                249
                            ],
                            [
                                250,
                                259
                            ],
                            [
                                260,
                                269
                            ],
                            [
                                270,
                                279
                            ],
                            [
                                280,
                                289
                            ],
                            [
                                290,
                                299
                            ],
                            [
                                300,
                                309
                            ],
                            [
                                310,
                                319
                            ],
                            [
                                320,
                                329
                            ],
                            [
                                330,
                                339
                            ],
                            [
                                340,
                                349
                            ],
                            [
                                350,
                                359
                            ],
                            [
                                360,
                                369
                            ],
                            [
                                370,
                                379
                            ],
                            [
                                380,
                                380
                            ]
                        ]
                    ]
                ],
                "1": [
                    "versions.yml:md5,937b65ae8a1a62094e422deed4aa2480"
                ],
                "cram_slices": [
                    [
                        {
                            "id": "test"
                        },
                        [
                            0,
                            1,
                            2,
                            3,
                            4,
                            5,
                            6,
                            7,
                            8,
                            9,
                            10,
                            11,
                            12,
                            13,
                            14,
                            15,
                            16,
                            17,
                            18,
                            19,
                            20,
                            21,
                            22,
                            23,
                            24,
                            25,
                            26,
                            27,
                            28,
                            29,
                            30,
                            31,
                            32,
                            33,
                            34,
                            35,
                            36,
                            37,
                            38
                        ],
                        [
                            [
                                0,
                                9
                            ],
                            [
                                10,
                                19
                            ],
                            [
                                20,
                                29
                            ],
                            [
                                30,
                                39
                            ],
                            [
                                40,
                                49
                            ],
                            [
                                50,
                                59
                            ],
                            [
                                60,
                                69
                            ],
                            [
                                70,
                                79
                            ],
                            [
                                80,
                                89
                            ],
                            [
                                90,
                                99
                            ],
                            [
                                100,
                                109
                            ],
                            [
                                110,
                                119
                            ],
                            [
                                120,
                                129
                            ],
                            [
                                130,
                                139
                            ],
                            [
                                140,
                                149
                            ],
                            [
                                150,
                                159
                            ],
                            [
                                160,
                                169
                            ],
                            [
                                170,
                                179
                            ],
                            [
                                180,
                                189
                            ],
                            [
                                190,
                                199
                            ],
                            [
                                200,
                                209
                            ],
                            [
                                210,
                                219
                            ],
                            [
                                220,
                                229
                            ],
                            [
                                230,
                                239
                            ],
                            [
                                240,
                                249
                            ],
                            [
                                250,
                                259
                            ],
                            [
                                260,
                                269
                            ],
                            [
                                270,
                                279
                            ],
                            [
                                280,
                                289
                            ],
                            [
                                290,
                                299
                            ],
                            [
                                300,
                                309
                            ],
                            [
                                310,
                                319
                            ],
                            [
                                320,
                                329
                            ],
                            [
                                330,
                                339
                            ],
                            [
                                340,
                                349
                            ],
                            [
                                350,
                                359
                            ],
                            [
                                360,
                                369
                            ],
                            [
                                370,
                                379
                            ],
                            [
                                380,
                                380
                            ]
                        ]
                    ]
                ],
                "versions": [
                    "versions.yml:md5,937b65ae8a1a62094e422deed4aa2480"
                ]
            }
        ],
        "meta": {
            "nf-test": "0.9.2",
            "nextflow": "25.04.2"
        },
        "timestamp": "2025-10-03T13:14:09.683352"
    }
}