{
    "Undibacterium unclassified - YaHS bin": {
        "content": [
            {
                "0": [
                    [
                        {
                            "id": "test"
                        },
                        "test.pairs.gz:md5,c1be641ec6fb8cfd1b0fb674a12b51e5"
                    ]
                ],
                "1": [
                    "versions.yml:md5,a365bc19a25174bdf6a227418db2ac03"
                ],
                "pairs": [
                    [
                        {
                            "id": "test"
                        },
                        "test.pairs.gz:md5,c1be641ec6fb8cfd1b0fb674a12b51e5"
                    ]
                ],
                "versions": [
                    "versions.yml:md5,a365bc19a25174bdf6a227418db2ac03"
                ]
            }
        ],
        "meta": {
            "nf-test": "0.9.2",
            "nextflow": "25.04.3"
        },
        "timestamp": "2025-08-28T16:06:08.417556224"
    },
    "Undibacterium unclassified - YaHS bin - stub": {
        "content": [
            {
                "0": [
                    [
                        {
                            "id": "test"
                        },
                        "test.pairs.gz:md5,68b329da9893e34099c7d8ad5cb9c940"
                    ]
                ],
                "1": [
                    "versions.yml:md5,a365bc19a25174bdf6a227418db2ac03"
                ],
                "pairs": [
                    [
                        {
                            "id": "test"
                        },
                        "test.pairs.gz:md5,68b329da9893e34099c7d8ad5cb9c940"
                    ]
                ],
                "versions": [
                    "versions.yml:md5,a365bc19a25174bdf6a227418db2ac03"
                ]
            }
        ],
        "meta": {
            "nf-test": "0.9.2",
            "nextflow": "25.04.3"
        },
        "timestamp": "2025-08-28T16:06:16.432728937"
    }
}