{
    "Undibacterium_unclassified - fasta - bam out - filter": {
        "content": [
            {
                "maxReadLength": 26308,
                "minReadLength": 1368,
                "meanReadLength": 8157,
                "maxQuality": 60,
                "minQuality": 20,
                "meanQuality": 59,
                "readCount": 428,
                "duplicateReadCount": 0,
                "sorted": false
            },
            [
                "versions.yml:md5,3c11d63382002b700419986fc18f8faa"
            ]
        ],
        "meta": {
            "nf-test": "0.9.2",
            "nextflow": "25.04.2"
        },
        "timestamp": "2025-10-20T11:43:13.559285"
    },
    "sarscov2 - bam - stub": {
        "content": [
            {
                "0": [
                    [
                        {
                            "id": "test"
                        },
                        "HiFi.reads.fasta.0.test.bam:md5,d41d8cd98f00b204e9800998ecf8427e"
                    ]
                ],
                "1": [
                    [
                        {
                            "id": "test"
                        },
                        "HiFi.reads.fasta.0.test.paf:md5,d41d8cd98f00b204e9800998ecf8427e"
                    ]
                ],
                "2": [
                    "versions.yml:md5,3c11d63382002b700419986fc18f8faa"
                ],
                "bam": [
                    [
                        {
                            "id": "test"
                        },
                        "HiFi.reads.fasta.0.test.bam:md5,d41d8cd98f00b204e9800998ecf8427e"
                    ]
                ],
                "paf": [
                    [
                        {
                            "id": "test"
                        },
                        "HiFi.reads.fasta.0.test.paf:md5,d41d8cd98f00b204e9800998ecf8427e"
                    ]
                ],
                "versions": [
                    "versions.yml:md5,3c11d63382002b700419986fc18f8faa"
                ]
            }
        ],
        "meta": {
            "nf-test": "0.9.2",
            "nextflow": "25.04.2"
        },
        "timestamp": "2025-10-20T11:44:04.167447"
    },
    "Undibacterium_unclassified - fasta - bam out - no filter": {
        "content": [
            {
                "maxReadLength": 26308,
                "minReadLength": 1368,
                "meanReadLength": 8121,
                "maxQuality": 60,
                "minQuality": 0,
                "meanQuality": 50,
                "readCount": 501,
                "duplicateReadCount": 0,
                "sorted": false
            },
            [
                "versions.yml:md5,3c11d63382002b700419986fc18f8faa"
            ]
        ],
        "meta": {
            "nf-test": "0.9.2",
            "nextflow": "25.04.2"
        },
        "timestamp": "2025-10-20T11:42:48.915403"
    },
    "Undibacterium_unclassified - fasta - paf out": {
        "content": [
            {
                "0": [
                    
                ],
                "1": [
                    
                ],
                "2": [
                    "versions.yml:md5,3c11d63382002b700419986fc18f8faa"
                ],
                "bam": [
                    
                ],
                "paf": [
                    
                ],
                "versions": [
                    "versions.yml:md5,3c11d63382002b700419986fc18f8faa"
                ]
            }
        ],
        "meta": {
            "nf-test": "0.9.2",
            "nextflow": "25.04.2"
        },
        "timestamp": "2025-10-20T11:43:39.452366"
    }
}