{
    "idFanCani4 - no split - fasta - stub": {
        "content": [
            {
                "0": [
                    [
                        "idFanCani4_telomere.bedgraph:md5,f8df4805d7f8948a5bc74c674965d064"
                    ]
                ],
                "1": [
                    "versions.yml:md5,02bd065343bd2db9fbe8c9eb341f1fb7",
                    "versions.yml:md5,29f570909fd629fc4a80db0039b84506",
                    "versions.yml:md5,2db8465f80039d90274c185879ae48bc"
                ],
                "bedgraph_file": [
                    [
                        "idFanCani4_telomere.bedgraph:md5,f8df4805d7f8948a5bc74c674965d064"
                    ]
                ],
                "versions": [
                    "versions.yml:md5,02bd065343bd2db9fbe8c9eb341f1fb7",
                    "versions.yml:md5,29f570909fd629fc4a80db0039b84506",
                    "versions.yml:md5,2db8465f80039d90274c185879ae48bc"
                ]
            }
        ],
        "meta": {
            "nf-test": "0.9.2",
            "nextflow": "24.04.4"
        },
        "timestamp": "2025-10-21T16:07:21.368077078"
    },
    "idFanCani4 - no split - fasta": {
        "content": [
            {
                "0": [
                    [
                        "idFanCani4_telomere.bedgraph:md5,f8df4805d7f8948a5bc74c674965d064"
                    ]
                ],
                "1": [
                    "versions.yml:md5,02bd065343bd2db9fbe8c9eb341f1fb7",
                    "versions.yml:md5,29f570909fd629fc4a80db0039b84506",
                    "versions.yml:md5,2db8465f80039d90274c185879ae48bc"
                ],
                "bedgraph_file": [
                    [
                        "idFanCani4_telomere.bedgraph:md5,f8df4805d7f8948a5bc74c674965d064"
                    ]
                ],
                "versions": [
                    "versions.yml:md5,02bd065343bd2db9fbe8c9eb341f1fb7",
                    "versions.yml:md5,29f570909fd629fc4a80db0039b84506",
                    "versions.yml:md5,2db8465f80039d90274c185879ae48bc"
                ]
            }
        ],
        "meta": {
            "nf-test": "0.9.2",
            "nextflow": "24.04.4"
        },
        "timestamp": "2025-10-21T16:06:02.528534255"
    },
    "idFanCani4 - split - fasta": {
        "content": [
            [
                [
                    "idFanCani4_telomere.bedgraph:md5,f8df4805d7f8948a5bc74c674965d064",
                    "idFanCani4_3P_telomere.bedgraph:md5,ae30aa41f6e9c53df160ddb17ecccd09",
                    "idFanCani4_5P_telomere.bedgraph:md5,ac00ddc89af099cfdd820495cd8c8c76"
                ]
            ]
        ],
        "meta": {
            "nf-test": "0.9.2",
            "nextflow": "24.04.4"
        },
        "timestamp": "2025-10-21T16:06:44.589353231"
    }
}