{
    "Cloeon_dipterum genome - stub": {
        "content": [
            {
                "0": [
                    [
                        {
                            "id": "Cloeon_Dipeterum"
                        },
                        "Cloeon_Dipeterum.gap.bedgraph:md5,d41d8cd98f00b204e9800998ecf8427e"
                    ]
                ],
                "1": [
                    "versions.yml:md5,929f4176dedc9856781d33262611dc9b",
                    "versions.yml:md5,cdedf30584c2f81dd4f1268f2371159d"
                ],
                "gap_file": [
                    [
                        {
                            "id": "Cloeon_Dipeterum"
                        },
                        "Cloeon_Dipeterum.gap.bedgraph:md5,d41d8cd98f00b204e9800998ecf8427e"
                    ]
                ],
                "versions": [
                    "versions.yml:md5,929f4176dedc9856781d33262611dc9b",
                    "versions.yml:md5,cdedf30584c2f81dd4f1268f2371159d"
                ]
            }
        ],
        "meta": {
            "nf-test": "0.9.2",
            "nextflow": "25.04.7"
        },
        "timestamp": "2025-10-06T16:13:51.003190181"
    },
    "Cloeon_dipterum genome [fasta]": {
        "content": [
            {
                "0": [
                    [
                        {
                            "id": "Cloeon_Dipeterum"
                        },
                        "Cloeon_Dipeterum.gap.bedgraph:md5,25a0c7406035024fac941b1e900a0bd4"
                    ]
                ],
                "1": [
                    "versions.yml:md5,929f4176dedc9856781d33262611dc9b",
                    "versions.yml:md5,cdedf30584c2f81dd4f1268f2371159d"
                ],
                "gap_file": [
                    [
                        {
                            "id": "Cloeon_Dipeterum"
                        },
                        "Cloeon_Dipeterum.gap.bedgraph:md5,25a0c7406035024fac941b1e900a0bd4"
                    ]
                ],
                "versions": [
                    "versions.yml:md5,929f4176dedc9856781d33262611dc9b",
                    "versions.yml:md5,cdedf30584c2f81dd4f1268f2371159d"
                ]
            }
        ],
        "meta": {
            "nf-test": "0.9.2",
            "nextflow": "24.04.4"
        },
        "timestamp": "2025-10-08T12:07:48.83352935"
    }
}