{
    "meles meles": {
        "content": [
            "12bbc3437515580a7dcc3c0d677c225a",
            [
                "versions.yml:md5,0d682908c95be4f8e0e547e03c448d7d"
            ]
        ],
        "meta": {
            "nf-test": "0.9.2",
            "nextflow": "25.04.3"
        },
        "timestamp": "2025-07-16T16:34:31.203597"
    },
    "meles meles - stub": {
        "content": [
            {
                "0": [
                    [
                        {
                            "id": "test"
                        },
                        "35528_2%231_subset.cram.1.test.bam:md5,d41d8cd98f00b204e9800998ecf8427e"
                    ]
                ],
                "1": [
                    "versions.yml:md5,0d682908c95be4f8e0e547e03c448d7d"
                ],
                "bam": [
                    [
                        {
                            "id": "test"
                        },
                        "35528_2%231_subset.cram.1.test.bam:md5,d41d8cd98f00b204e9800998ecf8427e"
                    ]
                ],
                "versions": [
                    "versions.yml:md5,0d682908c95be4f8e0e547e03c448d7d"
                ]
            }
        ],
        "meta": {
            "nf-test": "0.9.2",
            "nextflow": "25.04.3"
        },
        "timestamp": "2025-07-16T16:31:06.217411"
    }
}