{
    "fasta.gz to csv": {
        "content": [
            {
                "0": [
                    [
                        {
                            "id": "test"
                        },
                        "test.samplesheet.csv:md5,85f28ee33669df8cbe5c945988879e54"
                    ]
                ],
                "1": [
                    "versions.yml:md5,d4f404227c9dfc0dfd7d27fbf1e33557"
                ],
                "csv": [
                    [
                        {
                            "id": "test"
                        },
                        "test.samplesheet.csv:md5,85f28ee33669df8cbe5c945988879e54"
                    ]
                ],
                "versions": [
                    "versions.yml:md5,d4f404227c9dfc0dfd7d27fbf1e33557"
                ]
            }
        ],
        "meta": {
            "nf-test": "0.9.2",
            "nextflow": "25.04.6"
        },
        "timestamp": "2025-10-30T16:53:42.356305559"
    }
}