{
    "meles meles": {
        "content": [
            "12bbc3437515580a7dcc3c0d677c225a",
            [
                "versions.yml:md5,94aadbb19ae8ccacf115ea785735a3b0"
            ]
        ],
        "meta": {
            "nf-test": "0.9.2",
            "nextflow": "25.04.2"
        },
        "timestamp": "2025-10-03T10:00:52.296785"
    },
    "meles meles - stub": {
        "content": [
            {
                "0": [
                    [
                        {
                            "id": "test"
                        },
                        "35528_2%231_subset.cram.1.test.bam:md5,d41d8cd98f00b204e9800998ecf8427e"
                    ]
                ],
                "1": [
                    "versions.yml:md5,94aadbb19ae8ccacf115ea785735a3b0"
                ],
                "bam": [
                    [
                        {
                            "id": "test"
                        },
                        "35528_2%231_subset.cram.1.test.bam:md5,d41d8cd98f00b204e9800998ecf8427e"
                    ]
                ],
                "versions": [
                    "versions.yml:md5,94aadbb19ae8ccacf115ea785735a3b0"
                ]
            }
        ],
        "meta": {
            "nf-test": "0.9.2",
            "nextflow": "25.04.2"
        },
        "timestamp": "2025-10-03T10:01:16.885815"
    }
}