{
    "meles meles - multiple test": {
        "content": [
            [
                {
                    "maxReadLength": 96980,
                    "minReadLength": 0,
                    "meanReadLength": 4840,
                    "maxQuality": 60,
                    "minQuality": 0,
                    "meanQuality": 3,
                    "readCount": 16265,
                    "duplicateReadCount": 0,
                    "sorted": false
                },
                {
                    "maxReadLength": 96980,
                    "minReadLength": 0,
                    "meanReadLength": 4840,
                    "maxQuality": 60,
                    "minQuality": 0,
                    "meanQuality": 3,
                    "readCount": 16265,
                    "duplicateReadCount": 0,
                    "sorted": false
                }
            ],
            [
                "versions.yml:md5,0ba5a443eb8721c533ff4d72982054f9",
                "versions.yml:md5,0ba5a443eb8721c533ff4d72982054f9",
                "versions.yml:md5,1e0ef2d568832aca8d333501199ae77b",
                "versions.yml:md5,1e0ef2d568832aca8d333501199ae77b",
                "versions.yml:md5,663fb1b828914274912d0ca51115378a",
                "versions.yml:md5,663fb1b828914274912d0ca51115378a",
                "versions.yml:md5,67afe4aba4aab8e07765f229e5964159",
                "versions.yml:md5,67afe4aba4aab8e07765f229e5964159",
                "versions.yml:md5,bb93856f33590e258c1f2c817bcf85cd",
                "versions.yml:md5,bb93856f33590e258c1f2c817bcf85cd",
                "versions.yml:md5,bb93856f33590e258c1f2c817bcf85cd",
                "versions.yml:md5,bb93856f33590e258c1f2c817bcf85cd",
                "versions.yml:md5,bb93856f33590e258c1f2c817bcf85cd",
                "versions.yml:md5,bb93856f33590e258c1f2c817bcf85cd",
                "versions.yml:md5,bb93856f33590e258c1f2c817bcf85cd",
                "versions.yml:md5,bb93856f33590e258c1f2c817bcf85cd"
            ]
        ],
        "meta": {
            "nf-test": "0.9.2",
            "nextflow": "25.04.2"
        },
        "timestamp": "2025-10-07T16:51:48.531568"
    },
    "meles meles - PacBio Hifi test": {
        "content": [
            [
                {
                    "maxReadLength": 32471,
                    "minReadLength": 0,
                    "meanReadLength": 5954,
                    "maxQuality": 60,
                    "minQuality": 0,
                    "meanQuality": 3,
                    "readCount": 26719,
                    "duplicateReadCount": 0,
                    "sorted": false
                },
                {
                    "maxReadLength": 32471,
                    "minReadLength": 0,
                    "meanReadLength": 5954,
                    "maxQuality": 60,
                    "minQuality": 0,
                    "meanQuality": 3,
                    "readCount": 26719,
                    "duplicateReadCount": 0,
                    "sorted": false
                }
            ],
            [
                "versions.yml:md5,0ba5a443eb8721c533ff4d72982054f9",
                "versions.yml:md5,0ba5a443eb8721c533ff4d72982054f9",
                "versions.yml:md5,1e0ef2d568832aca8d333501199ae77b",
                "versions.yml:md5,1e0ef2d568832aca8d333501199ae77b",
                "versions.yml:md5,663fb1b828914274912d0ca51115378a",
                "versions.yml:md5,663fb1b828914274912d0ca51115378a",
                "versions.yml:md5,67afe4aba4aab8e07765f229e5964159",
                "versions.yml:md5,67afe4aba4aab8e07765f229e5964159",
                "versions.yml:md5,bb93856f33590e258c1f2c817bcf85cd",
                "versions.yml:md5,bb93856f33590e258c1f2c817bcf85cd",
                "versions.yml:md5,bb93856f33590e258c1f2c817bcf85cd",
                "versions.yml:md5,bb93856f33590e258c1f2c817bcf85cd",
                "versions.yml:md5,bb93856f33590e258c1f2c817bcf85cd",
                "versions.yml:md5,bb93856f33590e258c1f2c817bcf85cd",
                "versions.yml:md5,bb93856f33590e258c1f2c817bcf85cd",
                "versions.yml:md5,bb93856f33590e258c1f2c817bcf85cd",
                "versions.yml:md5,bb93856f33590e258c1f2c817bcf85cd",
                "versions.yml:md5,bb93856f33590e258c1f2c817bcf85cd",
                "versions.yml:md5,bb93856f33590e258c1f2c817bcf85cd",
                "versions.yml:md5,bb93856f33590e258c1f2c817bcf85cd",
                "versions.yml:md5,bb93856f33590e258c1f2c817bcf85cd",
                "versions.yml:md5,bb93856f33590e258c1f2c817bcf85cd"
            ]
        ],
        "meta": {
            "nf-test": "0.9.2",
            "nextflow": "25.04.2"
        },
        "timestamp": "2025-10-07T16:55:47.124802"
    },
    "meles meles - mismatch meta test": {
        "content": [
            [
                {
                    "maxReadLength": 96980,
                    "minReadLength": 0,
                    "meanReadLength": 4840,
                    "maxQuality": 60,
                    "minQuality": 0,
                    "meanQuality": 3,
                    "readCount": 16265,
                    "duplicateReadCount": 0,
                    "sorted": false
                }
            ],
            [
                "versions.yml:md5,0ba5a443eb8721c533ff4d72982054f9",
                "versions.yml:md5,0ba5a443eb8721c533ff4d72982054f9",
                "versions.yml:md5,1e0ef2d568832aca8d333501199ae77b",
                "versions.yml:md5,1e0ef2d568832aca8d333501199ae77b",
                "versions.yml:md5,663fb1b828914274912d0ca51115378a",
                "versions.yml:md5,663fb1b828914274912d0ca51115378a",
                "versions.yml:md5,67afe4aba4aab8e07765f229e5964159",
                "versions.yml:md5,bb93856f33590e258c1f2c817bcf85cd",
                "versions.yml:md5,bb93856f33590e258c1f2c817bcf85cd",
                "versions.yml:md5,bb93856f33590e258c1f2c817bcf85cd",
                "versions.yml:md5,bb93856f33590e258c1f2c817bcf85cd"
            ]
        ],
        "meta": {
            "nf-test": "0.9.2",
            "nextflow": "25.04.2"
        },
        "timestamp": "2025-10-07T16:52:48.5016"
    },
    "meles meles - single test": {
        "content": [
            [
                {
                    "maxReadLength": 96980,
                    "minReadLength": 0,
                    "meanReadLength": 4840,
                    "maxQuality": 60,
                    "minQuality": 0,
                    "meanQuality": 3,
                    "readCount": 16265,
                    "duplicateReadCount": 0,
                    "sorted": false
                }
            ],
            [
                "versions.yml:md5,0ba5a443eb8721c533ff4d72982054f9",
                "versions.yml:md5,1e0ef2d568832aca8d333501199ae77b",
                "versions.yml:md5,663fb1b828914274912d0ca51115378a",
                "versions.yml:md5,67afe4aba4aab8e07765f229e5964159",
                "versions.yml:md5,bb93856f33590e258c1f2c817bcf85cd",
                "versions.yml:md5,bb93856f33590e258c1f2c817bcf85cd"
            ]
        ],
        "meta": {
            "nf-test": "0.9.2",
            "nextflow": "25.04.2"
        },
        "timestamp": "2025-10-07T16:50:19.705145"
    }
}