{
    "meles meles - stub": {
        "content": [
            {
                "0": [
                    [
                        {
                            "id": "test"
                        },
                        "mMelMel3_T2.cram.1.test.bam:md5,d41d8cd98f00b204e9800998ecf8427e"
                    ]
                ],
                "1": [
                    "versions.yml:md5,8a312216f842e103480c190335be6411"
                ],
                "bam": [
                    [
                        {
                            "id": "test"
                        },
                        "mMelMel3_T2.cram.1.test.bam:md5,d41d8cd98f00b204e9800998ecf8427e"
                    ]
                ],
                "versions": [
                    "versions.yml:md5,8a312216f842e103480c190335be6411"
                ]
            }
        ],
        "meta": {
            "nf-test": "0.9.2",
            "nextflow": "25.04.2"
        },
        "timestamp": "2025-10-06T15:20:32.457713"
    },
    "Meles meles - PacBio HiFi reads": {
        "content": [
            "dfcc4dbebe23293f4f0b9338c2aef9cd",
            [
                "versions.yml:md5,8a312216f842e103480c190335be6411"
            ]
        ],
        "meta": {
            "nf-test": "0.9.2",
            "nextflow": "25.04.2"
        },
        "timestamp": "2025-10-06T15:20:23.215785"
    },
    "Meles meles - ONT reads": {
        "content": [
            "c2aa5ec574995707a01cb9b4b887b4a9",
            [
                "versions.yml:md5,8a312216f842e103480c190335be6411"
            ]
        ],
        "meta": {
            "nf-test": "0.9.2",
            "nextflow": "25.04.2"
        },
        "timestamp": "2025-10-06T15:19:40.151162"
    }
}