{
    "GCA_963859965.1 - tsv": {
        "content": [
            {
                "0": [
                    [
                        {
                            "id": "test-full-table"
                        },
                        "buscopainter_complete_location.tsv:md5,92a2d60e7a66edeb5070e3d982a53193"
                    ]
                ],
                "1": [
                    [
                        {
                            "id": "test-full-table"
                        },
                        "buscopainter_duplicated_location.tsv:md5,23301496a69958b2b64d30df982ca2df"
                    ]
                ],
                "2": [
                    [
                        {
                            "id": "test-full-table"
                        },
                        "buscopainter_summary.tsv:md5,16931cc78cc8506863b360e149d81111"
                    ]
                ],
                "3": [
                    "versions.yml:md5,92e1d26a59fe0815ee4e65a414349bf2"
                ],
                "comp_location": [
                    [
                        {
                            "id": "test-full-table"
                        },
                        "buscopainter_complete_location.tsv:md5,92a2d60e7a66edeb5070e3d982a53193"
                    ]
                ],
                "dup_location": [
                    [
                        {
                            "id": "test-full-table"
                        },
                        "buscopainter_duplicated_location.tsv:md5,23301496a69958b2b64d30df982ca2df"
                    ]
                ],
                "summary": [
                    [
                        {
                            "id": "test-full-table"
                        },
                        "buscopainter_summary.tsv:md5,16931cc78cc8506863b360e149d81111"
                    ]
                ],
                "versions": [
                    "versions.yml:md5,92e1d26a59fe0815ee4e65a414349bf2"
                ]
            }
        ],
        "meta": {
            "nf-test": "0.9.2",
            "nextflow": "24.04.4"
        },
        "timestamp": "2025-10-06T11:47:09.348481052"
    },
    "GCA_963859965.1 - tsv- stub": {
        "content": [
            {
                "0": [
                    [
                        {
                            "id": "test-full-tabl"
                        },
                        "test-full-tabl_[:]_buscopainter_complete_location.tsv:md5,d41d8cd98f00b204e9800998ecf8427e"
                    ]
                ],
                "1": [
                    [
                        {
                            "id": "test-full-tabl"
                        },
                        "test-full-tabl_[:]_buscopainter_duplicated_location.tsv:md5,d41d8cd98f00b204e9800998ecf8427e"
                    ]
                ],
                "2": [
                    [
                        {
                            "id": "test-full-tabl"
                        },
                        "test-full-tabl_[:]_summary.tsv:md5,d41d8cd98f00b204e9800998ecf8427e"
                    ]
                ],
                "3": [
                    "versions.yml:md5,92e1d26a59fe0815ee4e65a414349bf2"
                ],
                "comp_location": [
                    [
                        {
                            "id": "test-full-tabl"
                        },
                        "test-full-tabl_[:]_buscopainter_complete_location.tsv:md5,d41d8cd98f00b204e9800998ecf8427e"
                    ]
                ],
                "dup_location": [
                    [
                        {
                            "id": "test-full-tabl"
                        },
                        "test-full-tabl_[:]_buscopainter_duplicated_location.tsv:md5,d41d8cd98f00b204e9800998ecf8427e"
                    ]
                ],
                "summary": [
                    [
                        {
                            "id": "test-full-tabl"
                        },
                        "test-full-tabl_[:]_summary.tsv:md5,d41d8cd98f00b204e9800998ecf8427e"
                    ]
                ],
                "versions": [
                    "versions.yml:md5,92e1d26a59fe0815ee4e65a414349bf2"
                ]
            }
        ],
        "meta": {
            "nf-test": "0.9.2",
            "nextflow": "24.04.4"
        },
        "timestamp": "2025-10-08T13:45:15.388341483"
    }
}