{
    "Cloeon_dipterum - telomere": {
        "content": [
            {
                "0": [
                    [
                        {
                            "id": "Cloeon_dipterum"
                        },
                        "Cloeon_dipterum_telomere.bed:md5,dcc1474c5421f788ee642a9caa6f8224"
                    ]
                ],
                "1": [
                    [
                        {
                            "id": "Cloeon_dipterum"
                        },
                        "Cloeon_dipterum_telomere.bedgraph:md5,b62d187a03802d145039b88353aa3a2a"
                    ]
                ],
                "2": [
                    "versions.yml:md5,d8ed4606dcdc23a881780fae42073223"
                ],
                "bed": [
                    [
                        {
                            "id": "Cloeon_dipterum"
                        },
                        "Cloeon_dipterum_telomere.bed:md5,dcc1474c5421f788ee642a9caa6f8224"
                    ]
                ],
                "bedgraph": [
                    [
                        {
                            "id": "Cloeon_dipterum"
                        },
                        "Cloeon_dipterum_telomere.bedgraph:md5,b62d187a03802d145039b88353aa3a2a"
                    ]
                ],
                "versions": [
                    "versions.yml:md5,d8ed4606dcdc23a881780fae42073223"
                ]
            }
        ],
        "meta": {
            "nf-test": "0.9.2",
            "nextflow": "24.04.4"
        },
        "timestamp": "2025-10-10T14:42:08.584488667"
    },
    "Cloeon_dipterum - telomere - stub": {
        "content": [
            {
                "0": [
                    [
                        {
                            "id": "Cloeon_dipterum"
                        },
                        "Cloeon_dipterum_telomere.bed:md5,d41d8cd98f00b204e9800998ecf8427e"
                    ]
                ],
                "1": [
                    [
                        {
                            "id": "Cloeon_dipterum"
                        },
                        "Cloeon_dipterum_telomere.bedgraph:md5,d41d8cd98f00b204e9800998ecf8427e"
                    ]
                ],
                "2": [
                    "versions.yml:md5,d8ed4606dcdc23a881780fae42073223"
                ],
                "bed": [
                    [
                        {
                            "id": "Cloeon_dipterum"
                        },
                        "Cloeon_dipterum_telomere.bed:md5,d41d8cd98f00b204e9800998ecf8427e"
                    ]
                ],
                "bedgraph": [
                    [
                        {
                            "id": "Cloeon_dipterum"
                        },
                        "Cloeon_dipterum_telomere.bedgraph:md5,d41d8cd98f00b204e9800998ecf8427e"
                    ]
                ],
                "versions": [
                    "versions.yml:md5,d8ed4606dcdc23a881780fae42073223"
                ]
            }
        ],
        "meta": {
            "nf-test": "0.9.2",
            "nextflow": "24.04.4"
        },
        "timestamp": "2025-10-09T17:17:30.038590765"
    }
}