{
    "fasta.gz to csv": {
        "content": [
            {
                "0": [
                    [
                        {
                            "id": "test"
                        },
                        "samplesheet.csv:md5,85f28ee33669df8cbe5c945988879e54"
                    ]
                ],
                "1": [
                    "versions.yml:md5,36ddfb07ce978bb13c090e8617585778"
                ],
                "csv": [
                    [
                        {
                            "id": "test"
                        },
                        "samplesheet.csv:md5,85f28ee33669df8cbe5c945988879e54"
                    ]
                ],
                "versions": [
                    "versions.yml:md5,36ddfb07ce978bb13c090e8617585778"
                ]
            }
        ],
        "meta": {
            "nf-test": "0.9.2",
            "nextflow": "25.04.6"
        },
        "timestamp": "2025-10-30T15:43:35.053278419"
    }
}