{
    "GCA_963859965.1 - tsv - fai - stub": {
        "content": [
            [
                
            ]
        ],
        "meta": {
            "nf-test": "0.9.2",
            "nextflow": "24.04.4"
        },
        "timestamp": "2025-10-06T11:33:52.784498374"
    },
    "GCA_963859965.1 - tsv - fai": {
        "content": [
            [
                
            ]
        ],
        "meta": {
            "nf-test": "0.9.2",
            "nextflow": "24.04.4"
        },
        "timestamp": "2025-10-06T11:33:44.603114364"
    }
}