{
    "GCA_963859965.1 - fasta - stub": {
        "content": [
            {
                "0": [
                    [
                        {
                            "id": "Cloeon_Dipeterum"
                        },
                        "Cloeon_Dipeterum.telomere:md5,d41d8cd98f00b204e9800998ecf8427e"
                    ]
                ],
                "1": [
                    "versions.yml:md5,bd9100c4682ffb40fd48c62a94a9776a"
                ],
                "telomere": [
                    [
                        {
                            "id": "Cloeon_Dipeterum"
                        },
                        "Cloeon_Dipeterum.telomere:md5,d41d8cd98f00b204e9800998ecf8427e"
                    ]
                ],
                "versions": [
                    "versions.yml:md5,bd9100c4682ffb40fd48c62a94a9776a"
                ]
            }
        ],
        "meta": {
            "nf-test": "0.9.2",
            "nextflow": "24.04.4"
        },
        "timestamp": "2025-10-09T10:42:07.245827676"
    },
    "GCA_963859965.1 - fasta": {
        "content": [
            {
                "0": [
                    [
                        {
                            "id": "Cloeon_Dipeterum"
                        },
                        "Cloeon_Dipeterum.telomere:md5,d41d8cd98f00b204e9800998ecf8427e"
                    ]
                ],
                "1": [
                    "versions.yml:md5,bd9100c4682ffb40fd48c62a94a9776a"
                ],
                "telomere": [
                    [
                        {
                            "id": "Cloeon_Dipeterum"
                        },
                        "Cloeon_Dipeterum.telomere:md5,d41d8cd98f00b204e9800998ecf8427e"
                    ]
                ],
                "versions": [
                    "versions.yml:md5,bd9100c4682ffb40fd48c62a94a9776a"
                ]
            }
        ],
        "meta": {
            "nf-test": "0.9.2",
            "nextflow": "24.04.4"
        },
        "timestamp": "2025-10-09T10:41:57.949126479"
    }
}