{
    "Ceramica pisi - fasta": {
        "content": [
            {
                "0": [
                    [
                        {
                            "id": "test"
                        },
                        "test_BLOB_VIEW.png:md5,39fa1e631e10d8a8c2034ac79cde3fc0"
                    ]
                ],
                "1": [
                    "versions.yml:md5,809b40a0db8355fe992de6daf2abf4d3"
                ],
                "png": [
                    [
                        {
                            "id": "test"
                        },
                        "test_BLOB_VIEW.png:md5,39fa1e631e10d8a8c2034ac79cde3fc0"
                    ]
                ],
                "versions": [
                    "versions.yml:md5,809b40a0db8355fe992de6daf2abf4d3"
                ]
            }
        ],
        "meta": {
            "nf-test": "0.9.2",
            "nextflow": "24.04.2"
        },
        "timestamp": "2025-09-03T13:02:05.425828"
    },
    "Ceramica pisi - fasta - stub": {
        "content": [
            {
                "0": [
                    [
                        {
                            "id": "test"
                        },
                        "test_BLOB_VIEW.png:md5,d41d8cd98f00b204e9800998ecf8427e"
                    ]
                ],
                "1": [
                    "versions.yml:md5,809b40a0db8355fe992de6daf2abf4d3"
                ],
                "png": [
                    [
                        {
                            "id": "test"
                        },
                        "test_BLOB_VIEW.png:md5,d41d8cd98f00b204e9800998ecf8427e"
                    ]
                ],
                "versions": [
                    "versions.yml:md5,809b40a0db8355fe992de6daf2abf4d3"
                ]
            }
        ],
        "meta": {
            "nf-test": "0.9.2",
            "nextflow": "24.04.2"
        },
        "timestamp": "2025-09-03T13:02:30.841068"
    }
}