{
    "meles meles": {
        "content": [
            "3196a1997c55d543d773a1af0595fa6d",
            [
                "versions.yml:md5,92d058f31f8777917a6a79ba98abb3fc"
            ]
        ],
        "meta": {
            "nf-test": "0.9.2",
            "nextflow": "25.04.3"
        },
        "timestamp": "2025-07-16T16:35:19.628869"
    },
    "meles meles - stub": {
        "content": [
            {
                "0": [
                    [
                        {
                            "id": "test"
                        },
                        "35528_2%231_subset.cram.1.test.bam:md5,d41d8cd98f00b204e9800998ecf8427e"
                    ]
                ],
                "1": [
                    "versions.yml:md5,92d058f31f8777917a6a79ba98abb3fc"
                ],
                "bam": [
                    [
                        {
                            "id": "test"
                        },
                        "35528_2%231_subset.cram.1.test.bam:md5,d41d8cd98f00b204e9800998ecf8427e"
                    ]
                ],
                "versions": [
                    "versions.yml:md5,92d058f31f8777917a6a79ba98abb3fc"
                ]
            }
        ],
        "meta": {
            "nf-test": "0.9.2",
            "nextflow": "25.04.3"
        },
        "timestamp": "2025-07-16T16:31:49.320246"
    }
}